// Vitest Snapshot v1, https://vitest.dev/guide/snapshot.html

exports[`Cart item component > Renders product image, name, price, quantity, and remove button 1`] = `
<div>
  <li
    class="_cartItem_61ad6d"
  >
    <img
      alt="X-4 Base"
      src="/src/assets/X4_base.png"
    />
    <div
      class="_data_61ad6d"
    >
      <h3
        class="_name_61ad6d"
      >
        X-4 Base
      </h3>
      <h4
        class="_price_61ad6d"
      >
        90 000 000
      </h4>
      <h4
        class="_quantity_61ad6d"
      >
        Quantity: 
        1
      </h4>
      <button
        class="_removeButton_61ad6d"
      >
        Remove
      </button>
    </div>
  </li>
</div>
`;
