// Vitest Snapshot v1, https://vitest.dev/guide/snapshot.html

exports[`Shopping cart slide component > Renders title, cart close button, checkout button, and cart item holder 1`] = `
<div>
  <aside
    class="_cart_f8af68"
  >
    <section
      class="_titleHolder_f8af68"
    >
      <h2>
        Cart
      </h2>
      <button
        class="_hideCartButton_f8af68"
      >
        Ã—
      </button>
    </section>
    <section>
      <h3
        class="_subtotal_2d26a7"
      >
        Subtotal (
        5
         items):
      </h3>
      <h3
        class="_subtotal_2d26a7"
      >
        $ 
        500 000 000
      </h3>
      <button
        class="_checkoutButton_2d26a7"
      >
        Checkout
      </button>
    </section>
    <section>
      <ul>
        <li
          class="_cartItem_61ad6d"
        >
          <img
            alt="X-4 Base"
            src="/src/assets/X4_base.png"
          />
          <div
            class="_data_61ad6d"
          >
            <h3
              class="_name_61ad6d"
            >
              X-4 Base
            </h3>
            <h4
              class="_price_61ad6d"
            >
              90 000 000
            </h4>
            <h4
              class="_quantity_61ad6d"
            >
              Quantity: 
              1
            </h4>
            <button
              class="_removeButton_61ad6d"
            >
              Remove
            </button>
          </div>
        </li>
        <li
          class="_cartItem_61ad6d"
        >
          <img
            alt="X-4 Stealth"
            src="/src/assets/X4_stealth.png"
          />
          <div
            class="_data_61ad6d"
          >
            <h3
              class="_name_61ad6d"
            >
              X-4 Stealth
            </h3>
            <h4
              class="_price_61ad6d"
            >
              95 000 000
            </h4>
            <h4
              class="_quantity_61ad6d"
            >
              Quantity: 
              1
            </h4>
            <button
              class="_removeButton_61ad6d"
            >
              Remove
            </button>
          </div>
        </li>
        <li
          class="_cartItem_61ad6d"
        >
          <img
            alt="X-4 Respond"
            src="/src/assets/X4_respond.png"
          />
          <div
            class="_data_61ad6d"
          >
            <h3
              class="_name_61ad6d"
            >
              X-4 Respond
            </h3>
            <h4
              class="_price_61ad6d"
            >
              95 000 000
            </h4>
            <h4
              class="_quantity_61ad6d"
            >
              Quantity: 
              1
            </h4>
            <button
              class="_removeButton_61ad6d"
            >
              Remove
            </button>
          </div>
        </li>
        <li
          class="_cartItem_61ad6d"
        >
          <img
            alt="X-4 Enforce"
            src="/src/assets/X4_enforce.png"
          />
          <div
            class="_data_61ad6d"
          >
            <h3
              class="_name_61ad6d"
            >
              X-4 Enforce
            </h3>
            <h4
              class="_price_61ad6d"
            >
              100 000 000
            </h4>
            <h4
              class="_quantity_61ad6d"
            >
              Quantity: 
              1
            </h4>
            <button
              class="_removeButton_61ad6d"
            >
              Remove
            </button>
          </div>
        </li>
        <li
          class="_cartItem_61ad6d"
        >
          <img
            alt="X-4 Supress"
            src="/src/assets/X4_supress.png"
          />
          <div
            class="_data_61ad6d"
          >
            <h3
              class="_name_61ad6d"
            >
              X-4 Supress
            </h3>
            <h4
              class="_price_61ad6d"
            >
              120 000 000
            </h4>
            <h4
              class="_quantity_61ad6d"
            >
              Quantity: 
              1
            </h4>
            <button
              class="_removeButton_61ad6d"
            >
              Remove
            </button>
          </div>
        </li>
      </ul>
    </section>
  </aside>
</div>
`;
